// Jest Snapshot v1, https://goo.gl/fbAQLP

exports[`Modal renders properly 1`] = `
<div
  className="simple-form-group"
>
 <>
        {
            openModal === true &&
            <div className='Modal'>
                <div className="modal-section"></div>
                <div className="modal-content">
                    <div className='modal-title-content'>
                        <div className='modal-title'>
                            <h3 title="simple-text-input"></h3>
                            <button onClick={[function]} className="btn-close-icon"><i className="fa fa-times"></i></button>
                        </div>
                        <p className='modal-paragraphe' message="simple-text-input"></p>
                        <button onClick={[function]} className="btn-close" btnMessage="simple-text-input"></button>
                    </div>
                </div>
            </div>
        }
    </>

`;
